
Discarded input sections

 .group         0x0000000000000000        0xc obj/main.o
 .group         0x0000000000000000        0xc obj/main.o
 .group         0x0000000000000000        0xc obj/main.o
 .group         0x0000000000000000        0xc obj/main.o
 .group         0x0000000000000000        0xc obj/main.o
 .group         0x0000000000000000        0xc obj/main.o
 .group         0x0000000000000000        0xc obj/main.o
 .group         0x0000000000000000        0xc obj/main.o
 .group         0x0000000000000000        0xc obj/main.o
 .group         0x0000000000000000        0xc obj/main.o
 .group         0x0000000000000000        0xc obj/main.o
 .group         0x0000000000000000        0xc obj/main.o
 .text          0x0000000000000000        0x0 obj/main.o
 .data          0x0000000000000000        0x0 obj/main.o
 .bss           0x0000000000000000        0x0 obj/main.o
 .group         0x0000000000000000        0xc obj/stm32f0xx_it.o
 .group         0x0000000000000000        0xc obj/stm32f0xx_it.o
 .group         0x0000000000000000        0xc obj/stm32f0xx_it.o
 .group         0x0000000000000000        0xc obj/stm32f0xx_it.o
 .group         0x0000000000000000        0xc obj/stm32f0xx_it.o
 .group         0x0000000000000000        0xc obj/stm32f0xx_it.o
 .group         0x0000000000000000        0xc obj/stm32f0xx_it.o
 .group         0x0000000000000000        0xc obj/stm32f0xx_it.o
 .group         0x0000000000000000        0xc obj/stm32f0xx_it.o
 .group         0x0000000000000000        0xc obj/stm32f0xx_it.o
 .group         0x0000000000000000        0xc obj/stm32f0xx_it.o
 .group         0x0000000000000000        0xc obj/stm32f0xx_it.o
 .text          0x0000000000000000        0x0 obj/stm32f0xx_it.o
 .data          0x0000000000000000        0x0 obj/stm32f0xx_it.o
 .bss           0x0000000000000000        0x0 obj/stm32f0xx_it.o
 .debug_macro   0x0000000000000000      0xa7e obj/stm32f0xx_it.o
 .debug_macro   0x0000000000000000       0x87 obj/stm32f0xx_it.o
 .debug_macro   0x0000000000000000       0x3a obj/stm32f0xx_it.o
 .debug_macro   0x0000000000000000       0x22 obj/stm32f0xx_it.o
 .debug_macro   0x0000000000000000       0x8e obj/stm32f0xx_it.o
 .debug_macro   0x0000000000000000       0x51 obj/stm32f0xx_it.o
 .debug_macro   0x0000000000000000      0x103 obj/stm32f0xx_it.o
 .debug_macro   0x0000000000000000       0x6a obj/stm32f0xx_it.o
 .debug_macro   0x0000000000000000      0x1df obj/stm32f0xx_it.o
 .debug_macro   0x0000000000000000       0x1f obj/stm32f0xx_it.o
 .debug_macro   0x0000000000000000      0x242 obj/stm32f0xx_it.o
 .debug_macro   0x0000000000000000     0x62f2 obj/stm32f0xx_it.o
 .group         0x0000000000000000        0xc obj/system_stm32f0xx.o
 .group         0x0000000000000000        0xc obj/system_stm32f0xx.o
 .group         0x0000000000000000        0xc obj/system_stm32f0xx.o
 .group         0x0000000000000000        0xc obj/system_stm32f0xx.o
 .group         0x0000000000000000        0xc obj/system_stm32f0xx.o
 .group         0x0000000000000000        0xc obj/system_stm32f0xx.o
 .group         0x0000000000000000        0xc obj/system_stm32f0xx.o
 .group         0x0000000000000000        0xc obj/system_stm32f0xx.o
 .group         0x0000000000000000        0xc obj/system_stm32f0xx.o
 .group         0x0000000000000000        0xc obj/system_stm32f0xx.o
 .group         0x0000000000000000        0xc obj/system_stm32f0xx.o
 .group         0x0000000000000000        0xc obj/system_stm32f0xx.o
 .text          0x0000000000000000        0x0 obj/system_stm32f0xx.o
 .data          0x0000000000000000        0x0 obj/system_stm32f0xx.o
 .bss           0x0000000000000000        0x0 obj/system_stm32f0xx.o
 .data.SystemCoreClock
                0x0000000000000000        0x4 obj/system_stm32f0xx.o
 .data.AHBPrescTable
                0x0000000000000000       0x10 obj/system_stm32f0xx.o
 .text.SystemCoreClockUpdate
                0x0000000000000000       0xec obj/system_stm32f0xx.o
 .debug_macro   0x0000000000000000      0xa7e obj/system_stm32f0xx.o
 .debug_macro   0x0000000000000000       0x87 obj/system_stm32f0xx.o
 .debug_macro   0x0000000000000000       0x3a obj/system_stm32f0xx.o
 .debug_macro   0x0000000000000000       0x22 obj/system_stm32f0xx.o
 .debug_macro   0x0000000000000000       0x8e obj/system_stm32f0xx.o
 .debug_macro   0x0000000000000000       0x51 obj/system_stm32f0xx.o
 .debug_macro   0x0000000000000000      0x103 obj/system_stm32f0xx.o
 .debug_macro   0x0000000000000000       0x6a obj/system_stm32f0xx.o
 .debug_macro   0x0000000000000000      0x1df obj/system_stm32f0xx.o
 .debug_macro   0x0000000000000000       0x1f obj/system_stm32f0xx.o
 .debug_macro   0x0000000000000000      0x242 obj/system_stm32f0xx.o
 .debug_macro   0x0000000000000000     0x62f2 obj/system_stm32f0xx.o
 .text          0x0000000000000000       0x14 obj/startup_stm32f030.o
 .data          0x0000000000000000        0x0 obj/startup_stm32f030.o
 .bss           0x0000000000000000        0x0 obj/startup_stm32f030.o

Memory Configuration

Name             Origin             Length             Attributes
FLASH            0x0000000008000000 0x0000000000010000 xr
RAM              0x0000000020000000 0x0000000000002000 xrw
*default*        0x0000000000000000 0xffffffffffffffff

Linker script and memory map

LOAD obj/main.o
LOAD obj/stm32f0xx_it.o
LOAD obj/system_stm32f0xx.o
LOAD obj/startup_stm32f030.o
                0x0000000020002000                _estack = 0x20002000
                0x0000000000000200                _Min_Heap_Size = 0x200
                0x0000000000000400                _Min_Stack_Size = 0x400

.isr_vector     0x0000000008000000       0xc0
                0x0000000008000000                . = ALIGN (0x4)
 *(.isr_vector)
 .isr_vector    0x0000000008000000       0xc0 obj/startup_stm32f030.o
                0x0000000008000000                g_pfnVectors
                0x00000000080000c0                . = ALIGN (0x4)

.text           0x00000000080000c0      0x224
                0x00000000080000c0                . = ALIGN (0x4)
 *(.text)
 *(.text*)
 .text.main     0x00000000080000c0        0x8 obj/main.o
                0x00000000080000c0                main
 .text.NMI_Handler
                0x00000000080000c8        0xa obj/stm32f0xx_it.o
                0x00000000080000c8                NMI_Handler
 .text.HardFault_Handler
                0x00000000080000d2        0x8 obj/stm32f0xx_it.o
                0x00000000080000d2                HardFault_Handler
 .text.SVC_Handler
                0x00000000080000da        0xa obj/stm32f0xx_it.o
                0x00000000080000da                SVC_Handler
 .text.PendSV_Handler
                0x00000000080000e4        0xa obj/stm32f0xx_it.o
                0x00000000080000e4                PendSV_Handler
 .text.SysTick_Handler
                0x00000000080000ee        0xa obj/stm32f0xx_it.o
                0x00000000080000ee                SysTick_Handler
 .text.SystemInit
                0x00000000080000f8       0x8c obj/system_stm32f0xx.o
                0x00000000080000f8                SystemInit
 .text.SetSysClock
                0x0000000008000184       0xe0 obj/system_stm32f0xx.o
 .text.Reset_Handler
                0x0000000008000264       0x7c obj/startup_stm32f030.o
                0x0000000008000264                Reset_Handler
 .text.Default_Handler
                0x00000000080002e0        0x2 obj/startup_stm32f030.o
                0x00000000080002e0                TIM1_CC_IRQHandler
                0x00000000080002e0                I2C1_IRQHandler
                0x00000000080002e0                SPI1_IRQHandler
                0x00000000080002e0                EXTI2_3_IRQHandler
                0x00000000080002e0                ADC1_IRQHandler
                0x00000000080002e0                I2C2_IRQHandler
                0x00000000080002e0                TIM17_IRQHandler
                0x00000000080002e0                RTC_IRQHandler
                0x00000000080002e0                TIM16_IRQHandler
                0x00000000080002e0                TIM3_IRQHandler
                0x00000000080002e0                EXTI4_15_IRQHandler
                0x00000000080002e0                RCC_IRQHandler
                0x00000000080002e0                DMA1_Channel1_IRQHandler
                0x00000000080002e0                Default_Handler
                0x00000000080002e0                TIM14_IRQHandler
                0x00000000080002e0                DMA1_Channel4_5_IRQHandler
                0x00000000080002e0                TIM15_IRQHandler
                0x00000000080002e0                EXTI0_1_IRQHandler
                0x00000000080002e0                SPI2_IRQHandler
                0x00000000080002e0                WWDG_IRQHandler
                0x00000000080002e0                DMA1_Channel2_3_IRQHandler
                0x00000000080002e0                USART2_IRQHandler
                0x00000000080002e0                FLASH_IRQHandler
                0x00000000080002e0                USART1_IRQHandler
                0x00000000080002e0                TIM1_BRK_UP_TRG_COM_IRQHandler
 *(.glue_7)
 .glue_7        0x00000000080002e2        0x0 linker stubs
 *(.glue_7t)
 .glue_7t       0x00000000080002e2        0x0 linker stubs
 *(.eh_frame)
 *(.init)
 *(.fini)
                0x00000000080002e4                . = ALIGN (0x4)
 *fill*         0x00000000080002e2        0x2 
                0x00000000080002e4                _etext = .

.vfp11_veneer   0x00000000080002e4        0x0
 .vfp11_veneer  0x00000000080002e4        0x0 linker stubs

.v4_bx          0x00000000080002e4        0x0
 .v4_bx         0x00000000080002e4        0x0 linker stubs

.iplt           0x00000000080002e4        0x0
 .iplt          0x00000000080002e4        0x0 obj/system_stm32f0xx.o

.rel.dyn        0x00000000080002e4        0x0
 .rel.iplt      0x00000000080002e4        0x0 obj/system_stm32f0xx.o

.rodata         0x00000000080002e4        0x0
                0x00000000080002e4                . = ALIGN (0x4)
 *(.rodata)
 *(.rodata*)
                0x00000000080002e4                . = ALIGN (0x4)

.ARM.extab
 *(.ARM.extab* .gnu.linkonce.armextab.*)

.ARM            0x00000000080002e4        0x0
                0x00000000080002e4                __exidx_start = .
 *(.ARM.exidx*)
                0x00000000080002e4                __exidx_end = .

.preinit_array  0x00000000080002e4        0x0
                [!provide]                        PROVIDE (__preinit_array_start = .)
 *(.preinit_array*)
                [!provide]                        PROVIDE (__preinit_array_end = .)

.init_array     0x00000000080002e4        0x0
                [!provide]                        PROVIDE (__init_array_start = .)
 *(SORT_BY_NAME(.init_array.*))
 *(.init_array*)
                [!provide]                        PROVIDE (__init_array_end = .)

.fini_array     0x00000000080002e4        0x0
                [!provide]                        PROVIDE (__fini_array_start = .)
 *(SORT_BY_NAME(.fini_array.*))
 *(.fini_array*)
                [!provide]                        PROVIDE (__fini_array_end = .)
                0x00000000080002e4                _sidata = LOADADDR (.data)

.data           0x0000000020000000        0x0 load address 0x00000000080002e4
                0x0000000020000000                . = ALIGN (0x4)
                0x0000000020000000                _sdata = .
 *(.data)
 *(.data*)
                0x0000000020000000                . = ALIGN (0x4)
                0x0000000020000000                _edata = .

.igot.plt       0x0000000020000000        0x0 load address 0x00000000080002e4
 .igot.plt      0x0000000020000000        0x0 obj/system_stm32f0xx.o
                0x0000000020000000                . = ALIGN (0x4)

.bss            0x0000000020000000        0x0 load address 0x00000000080002e4
                0x0000000020000000                _sbss = .
                0x0000000020000000                __bss_start__ = _sbss
 *(.bss)
 *(.bss*)
 *(COMMON)
                0x0000000020000000                . = ALIGN (0x4)
                0x0000000020000000                _ebss = .
                0x0000000020000000                __bss_end__ = _ebss

._user_heap_stack
                0x0000000020000000      0x600 load address 0x00000000080002e4
                0x0000000020000000                . = ALIGN (0x8)
                [!provide]                        PROVIDE (end = .)
                [!provide]                        PROVIDE (_end = .)
                0x0000000020000200                . = (. + _Min_Heap_Size)
 *fill*         0x0000000020000000      0x200 
                0x0000000020000600                . = (. + _Min_Stack_Size)
 *fill*         0x0000000020000200      0x400 
                0x0000000020000600                . = ALIGN (0x8)

/DISCARD/

.ARM.attributes
                0x0000000000000000       0x2a
 *(.ARM.attributes)
 .ARM.attributes
                0x0000000000000000       0x2c obj/main.o
 .ARM.attributes
                0x000000000000002c       0x2c obj/stm32f0xx_it.o
 .ARM.attributes
                0x0000000000000058       0x2c obj/system_stm32f0xx.o
 .ARM.attributes
                0x0000000000000084       0x21 obj/startup_stm32f030.o
OUTPUT(GDB-CM0.elf elf32-littlearm)
LOAD linker stubs

.debug_info     0x0000000000000000      0x469
 .debug_info    0x0000000000000000       0x87 obj/main.o
 .debug_info    0x0000000000000087       0xc1 obj/stm32f0xx_it.o
 .debug_info    0x0000000000000148      0x2f3 obj/system_stm32f0xx.o
 .debug_info    0x000000000000043b       0x2e obj/startup_stm32f030.o

.debug_abbrev   0x0000000000000000      0x22e
 .debug_abbrev  0x0000000000000000       0x47 obj/main.o
 .debug_abbrev  0x0000000000000047       0x47 obj/stm32f0xx_it.o
 .debug_abbrev  0x000000000000008e      0x183 obj/system_stm32f0xx.o
 .debug_abbrev  0x0000000000000211       0x1d obj/startup_stm32f030.o

.debug_aranges  0x0000000000000000       0xb8
 .debug_aranges
                0x0000000000000000       0x20 obj/main.o
 .debug_aranges
                0x0000000000000020       0x40 obj/stm32f0xx_it.o
 .debug_aranges
                0x0000000000000060       0x30 obj/system_stm32f0xx.o
 .debug_aranges
                0x0000000000000090       0x28 obj/startup_stm32f030.o

.debug_rnglists
                0x0000000000000000       0x79
 .debug_rnglists
                0x0000000000000000       0x13 obj/main.o
 .debug_rnglists
                0x0000000000000013       0x2b obj/stm32f0xx_it.o
 .debug_rnglists
                0x000000000000003e       0x22 obj/system_stm32f0xx.o
 .debug_rnglists
                0x0000000000000060       0x19 obj/startup_stm32f030.o

.debug_macro    0x0000000000000000     0x76da
 .debug_macro   0x0000000000000000       0xa9 obj/main.o
 .debug_macro   0x00000000000000a9      0xa7e obj/main.o
 .debug_macro   0x0000000000000b27       0x87 obj/main.o
 .debug_macro   0x0000000000000bae       0x3a obj/main.o
 .debug_macro   0x0000000000000be8       0x22 obj/main.o
 .debug_macro   0x0000000000000c0a       0x8e obj/main.o
 .debug_macro   0x0000000000000c98       0x51 obj/main.o
 .debug_macro   0x0000000000000ce9      0x103 obj/main.o
 .debug_macro   0x0000000000000dec       0x6a obj/main.o
 .debug_macro   0x0000000000000e56      0x1df obj/main.o
 .debug_macro   0x0000000000001035       0x1f obj/main.o
 .debug_macro   0x0000000000001054      0x242 obj/main.o
 .debug_macro   0x0000000000001296     0x62f2 obj/main.o
 .debug_macro   0x0000000000007588       0xb3 obj/stm32f0xx_it.o
 .debug_macro   0x000000000000763b       0x9f obj/system_stm32f0xx.o

.debug_line     0x0000000000000000      0x73c
 .debug_line    0x0000000000000000      0x199 obj/main.o
 .debug_line    0x0000000000000199      0x1fc obj/stm32f0xx_it.o
 .debug_line    0x0000000000000395      0x319 obj/system_stm32f0xx.o
 .debug_line    0x00000000000006ae       0x8e obj/startup_stm32f030.o

.debug_str      0x0000000000000000    0x271ed
 .debug_str     0x0000000000000000    0x2700c obj/main.o
                                      0x27167 (size before relaxing)
 .debug_str     0x000000000002700c       0x6e obj/stm32f0xx_it.o
                                      0x271c5 (size before relaxing)
 .debug_str     0x000000000002707a      0x138 obj/system_stm32f0xx.o
                                      0x272a4 (size before relaxing)
 .debug_str     0x00000000000271b2       0x3b obj/startup_stm32f030.o
                                         0x66 (size before relaxing)

.comment        0x0000000000000000       0x1e
 .comment       0x0000000000000000       0x1e obj/main.o
                                         0x1f (size before relaxing)
 .comment       0x000000000000001e       0x1f obj/stm32f0xx_it.o
 .comment       0x000000000000001e       0x1f obj/system_stm32f0xx.o

.debug_frame    0x0000000000000000      0x134
 .debug_frame   0x0000000000000000       0x2c obj/main.o
 .debug_frame   0x000000000000002c       0x9c obj/stm32f0xx_it.o
 .debug_frame   0x00000000000000c8       0x6c obj/system_stm32f0xx.o

.debug_line_str
                0x0000000000000000       0x4c
 .debug_line_str
                0x0000000000000000       0x4c obj/startup_stm32f030.o
